[
    "oanda",
    "fxcm",
    "forex.com",
    "pepperstoneuk",
    "ic markets",
    "octafx",
    "fxpig",
    "pepperstone",
    "fxpro",
    "icmtrader",
]